// Jest Snapshot v1, https://goo.gl/fbAQLP

exports[`Filter should render correctly 1`] = `
<ContextProvider
  value={
    Object {
      "store": Object {
        "clearActions": [Function],
        "dispatch": [Function],
        "getActions": [Function],
        "getState": [Function],
        "replaceReducer": [Function],
        "subscribe": [Function],
      },
      "storeState": Object {},
    }
  }
>
  <BrowserRouter>
    <withRouter(Connect(Filter))
      changeSortBy={[MockFunction]}
      match={
        Object {
          "params": Object {
            "query": "query",
          },
        }
      }
      movies={
        Array [
          "movie",
        ]
      }
    />
  </BrowserRouter>
</ContextProvider>
`;
