// Jest Snapshot v1, https://goo.gl/fbAQLP

exports[`MovieList should render correctly 1`] = `
.c0 p {
  font-size: 45px;
}

<div
  className="c0"
>
  <p>
    404 Page Not Found
  </p>
  <a
    as="button"
    href="/"
    onClick={[Function]}
  >
    Home
  </a>
</div>
`;

exports[`NotFound should render correctly 1`] = `
.c0 p {
  font-size: 45px;
}

<div
  className="c0"
>
  <p>
    404 Page Not Found
  </p>
  <a
    as="button"
    href="/"
    onClick={[Function]}
  >
    Home
  </a>
</div>
`;
