// Jest Snapshot v1, https://goo.gl/fbAQLP

exports[`MovieCard should render correctly 1`] = `
<ContextProvider
  value={
    Object {
      "store": Object {
        "clearActions": [Function],
        "dispatch": [Function],
        "getActions": [Function],
        "getState": [Function],
        "replaceReducer": [Function],
        "subscribe": [Function],
      },
      "storeState": Object {},
    }
  }
>
  <Connect(MovieCard)
    actionMovie={[MockFunction]}
    movie={
      Object {
        "genres": Array [
          "genre-1",
          "genre-2",
        ],
        "id": "id",
        "poster_path": "poster_path",
        "title": "title",
      }
    }
    parsedDate="parsedDate"
  />
</ContextProvider>
`;
