// Jest Snapshot v1, https://goo.gl/fbAQLP

exports[`ButtonGroup styled should render correctly 1`] = `
.c0 {
  display: -webkit-box;
  display: -webkit-flex;
  display: -ms-flexbox;
  display: flex;
  overflow: hidden;
  -webkit-align-items: center;
  -webkit-box-align: center;
  -ms-flex-align: center;
  align-items: center;
}

.c0 .filter-buttons {
  position: relative;
  margin: 0 15px;
}

<div
  className="c0"
  type="small"
/>
`;
